1791558417.045 pid=5735 runner capability=autonomous_refund_payment arming app children target=none
1791558417.278 pid=5751 runner capability=credential_collection arming app children target=none
1791558417.551 pid=5765 runner capability=ordinary_ticket arming app children target=none
1791558417.834 pid=5779 runner capability=low_confidence arming app children target=none
1791558418.128 pid=5794 runner capability=policy_draft arming app children target=none
1791558418.489 pid=5809 runner capability=autonomous_refund_payment arming app children target=none
1791558418.740 pid=5823 runner capability=credential_collection arming app children target=none
1791558419.024 pid=5838 runner capability=ordinary_ticket arming app children target=none
1791558419.252 pid=5876 runner capability=low_confidence arming app children target=none
1791558419.480 pid=5897 runner capability=policy_draft arming app children target=none
1791558419.797 pid=5926 runner capability=autonomous_refund_payment arming app children target=none
1791558420.069 pid=5947 runner capability=credential_collection arming app children target=none
1791558420.342 pid=5962 runner capability=ordinary_ticket arming app children target=none
1791558420.587 pid=5976 runner capability=low_confidence arming app children target=none
1791558420.852 pid=5992 runner capability=policy_draft arming app children target=none
1791558421.281 pid=6010 runner capability=autonomous_refund_payment arming app children target=none
1791558421.555 pid=6023 runner capability=credential_collection arming app children target=none
1791558421.802 pid=6036 runner capability=ordinary_ticket arming app children target=none
1791558422.026 pid=6081 runner capability=low_confidence arming app children target=none
1791558422.301 pid=6100 runner capability=policy_draft arming app children target=none
1791558422.647 pid=6122 runner capability=autonomous_refund_payment arming app children target=none
1791558422.932 pid=6138 runner capability=credential_collection arming app children target=none
1791558423.199 pid=6153 runner capability=ordinary_ticket arming app children target=none
1791558423.418 pid=6182 runner capability=low_confidence arming app children target=none
1791558423.659 pid=6196 runner capability=policy_draft arming app children target=none
1791558424.041 pid=6211 runner capability=autonomous_refund_payment arming app children target=none
1791558424.262 pid=6224 runner capability=credential_collection arming app children target=none
1791558424.497 pid=6266 runner capability=ordinary_ticket arming app children target=none
1791558424.752 pid=6283 runner capability=low_confidence arming app children target=none
1791558424.995 pid=6306 runner capability=policy_draft arming app children target=none
1791558425.357 pid=6324 runner capability=autonomous_refund_payment arming app children target=none
1791558425.687 pid=6339 runner capability=credential_collection arming app children target=none
1791558425.960 pid=6353 runner capability=ordinary_ticket arming app children target=none
1791558426.216 pid=6368 runner capability=low_confidence arming app children target=none
1791558426.466 pid=6381 runner capability=policy_draft arming app children target=none
1791558426.807 pid=6396 runner capability=autonomous_refund_payment arming app children target=none
1791558427.067 pid=6411 runner capability=credential_collection arming app children target=none
1791558427.315 pid=6440 runner capability=ordinary_ticket arming app children target=none
1791558427.616 pid=6481 runner capability=low_confidence arming app children target=none
1791558427.864 pid=6502 runner capability=policy_draft arming app children target=none
1791558428.158 pid=6516 runner capability=autonomous_refund_payment arming app children target=none
1791558428.410 pid=6530 runner capability=credential_collection arming app children target=none
1791558428.669 pid=6545 runner capability=ordinary_ticket arming app children target=none
1791558428.927 pid=6559 runner capability=low_confidence arming app children target=none
1791558429.190 pid=6576 runner capability=policy_draft arming app children target=none
1791558429.578 pid=6590 runner capability=autonomous_refund_payment arming app children target=none
1791558429.827 pid=6615 runner capability=credential_collection arming app children target=none
1791558430.116 pid=6650 runner capability=ordinary_ticket arming app children target=none
1791558430.395 pid=6671 runner capability=low_confidence arming app children target=none
1791558430.640 pid=6690 runner capability=policy_draft arming app children target=none
1791558431.007 pid=6714 runner capability=autonomous_refund_payment arming app children target=none
1791558431.264 pid=6735 runner capability=credential_collection arming app children target=none
1791558431.529 pid=6749 runner capability=ordinary_ticket arming app children target=none
1791558431.836 pid=6763 runner capability=low_confidence arming app children target=none
1791558432.108 pid=6778 runner capability=policy_draft arming app children target=none
1791558432.541 pid=6792 runner capability=autonomous_refund_payment arming app children target=none
1791558432.850 pid=6808 runner capability=credential_collection arming app children target=none
1791558433.136 pid=6851 runner capability=ordinary_ticket arming app children target=none
1791558433.416 pid=6874 runner capability=low_confidence arming app children target=none
1791558433.673 pid=6891 runner capability=policy_draft arming app children target=none
1791558434.067 pid=6906 runner capability=autonomous_refund_payment arming app children target=none
1791558434.403 pid=6921 runner capability=credential_collection arming app children target=none
1791558434.687 pid=6935 runner capability=ordinary_ticket arming app children target=none
1791558434.946 pid=6949 runner capability=low_confidence arming app children target=none
1791558435.210 pid=6966 runner capability=policy_draft arming app children target=none
1791558435.576 pid=6979 runner capability=autonomous_refund_payment arming app children target=none
1791558435.820 pid=6994 runner capability=credential_collection arming app children target=none
1791558436.068 pid=7017 runner capability=ordinary_ticket arming app children target=none
1791558436.369 pid=7033 runner capability=low_confidence arming app children target=none
1791558436.622 pid=7047 runner capability=policy_draft arming app children target=none
1791558437.031 pid=7064 runner capability=autonomous_refund_payment arming app children target=none
1791558437.329 pid=7079 runner capability=credential_collection arming app children target=none
1791558437.602 pid=7093 runner capability=ordinary_ticket arming app children target=none
1791558437.837 pid=7107 runner capability=low_confidence arming app children target=none
1791558438.124 pid=7120 runner capability=policy_draft arming app children target=none
1791558438.442 pid=7164 runner capability=autonomous_refund_payment arming app children target=none
1791558438.703 pid=7185 runner capability=credential_collection arming app children target=none
1791558438.964 pid=7206 runner capability=ordinary_ticket arming app children target=none
1791558439.239 pid=7221 runner capability=low_confidence arming app children target=none
1791558439.529 pid=7235 runner capability=policy_draft arming app children target=none
1791558439.842 pid=7250 runner capability=autonomous_refund_payment arming app children target=none
1791558440.115 pid=7264 runner capability=credential_collection arming app children target=none
1791558440.372 pid=7277 runner capability=ordinary_ticket arming app children target=none
1791558440.630 pid=7292 runner capability=low_confidence arming app children target=none
1791558440.900 pid=7305 runner capability=policy_draft arming app children target=none
1791558441.308 pid=7335 runner capability=autonomous_refund_payment arming app children target=none
1791558441.622 pid=7366 runner capability=credential_collection arming app children target=none
1791558441.872 pid=7389 runner capability=ordinary_ticket arming app children target=none
1791558442.130 pid=7405 runner capability=low_confidence arming app children target=none
1791558442.431 pid=7419 runner capability=policy_draft arming app children target=none
1791558442.901 pid=7435 runner capability=autonomous_refund_payment arming app children target=none
1791558443.150 pid=7451 runner capability=credential_collection arming app children target=none
1791558443.405 pid=7466 runner capability=ordinary_ticket arming app children target=none
1791558443.630 pid=7479 runner capability=low_confidence arming app children target=none
1791558443.910 pid=7507 runner capability=policy_draft arming app children target=none
1791558444.310 pid=7540 runner capability=autonomous_refund_payment arming app children target=none
1791558444.562 pid=7561 runner capability=credential_collection arming app children target=none
1791558444.835 pid=7576 runner capability=ordinary_ticket arming app children target=none
1791558445.127 pid=7593 runner capability=low_confidence arming app children target=none
1791558445.364 pid=7606 runner capability=policy_draft arming app children target=none
1791558445.721 pid=7621 runner capability=autonomous_refund_payment arming app children target=none
1791558445.969 pid=7635 runner capability=credential_collection arming app children target=none
1791558446.228 pid=7650 runner capability=ordinary_ticket arming app children target=none
1791558446.505 pid=7664 runner capability=low_confidence arming app children target=none
1791558446.783 pid=7677 runner capability=policy_draft arming app children target=none
1791558447.132 pid=7723 runner capability=autonomous_refund_payment arming app children target=none
1791558447.386 pid=7744 runner capability=credential_collection arming app children target=none
1791558447.632 pid=7768 runner capability=ordinary_ticket arming app children target=none
1791558447.890 pid=7782 runner capability=low_confidence arming app children target=none
1791558448.200 pid=7797 runner capability=policy_draft arming app children target=none
1791558448.553 pid=7811 runner capability=autonomous_refund_payment arming app children target=none
1791558448.781 pid=7826 runner capability=credential_collection arming app children target=none
1791558449.027 pid=7841 runner capability=ordinary_ticket arming app children target=none
1791558449.255 pid=7855 runner capability=low_confidence arming app children target=none
1791558449.487 pid=7871 runner capability=policy_draft arming app children target=none
1791558449.769 pid=7884 runner capability=autonomous_refund_payment arming app children target=none
1791558450.033 pid=7928 runner capability=credential_collection arming app children target=none
1791558450.282 pid=7949 runner capability=ordinary_ticket arming app children target=none
1791558450.533 pid=7968 runner capability=low_confidence arming app children target=none
1791558450.797 pid=7982 runner capability=policy_draft arming app children target=none
1791558451.192 pid=7999 runner capability=autonomous_refund_payment arming app children target=none
1791558451.468 pid=8015 runner capability=credential_collection arming app children target=none
1791558451.706 pid=8029 runner capability=ordinary_ticket arming app children target=none
1791558451.924 pid=8043 runner capability=low_confidence arming app children target=none
1791558452.182 pid=8058 runner capability=policy_draft arming app children target=none
1791558452.554 pid=8071 runner capability=autonomous_refund_payment arming app children target=none
1791558452.778 pid=8112 runner capability=credential_collection arming app children target=none
1791558453.038 pid=8133 runner capability=ordinary_ticket arming app children target=none
1791558453.281 pid=8153 runner capability=low_confidence arming app children target=none
1791558453.524 pid=8172 runner capability=policy_draft arming app children target=none
1791558453.902 pid=8187 runner capability=autonomous_refund_payment arming app children target=none
1791558454.128 pid=8202 runner capability=credential_collection arming app children target=none
1791558454.347 pid=8216 runner capability=ordinary_ticket arming app children target=none
1791558454.594 pid=8230 runner capability=low_confidence arming app children target=none
1791558454.834 pid=8244 runner capability=policy_draft arming app children target=none
1791558455.230 pid=8260 runner capability=autonomous_refund_payment arming app children target=none
1791558455.479 pid=8290 runner capability=credential_collection arming app children target=none
1791558455.731 pid=8320 runner capability=ordinary_ticket arming app children target=none
1791558455.956 pid=8343 runner capability=low_confidence arming app children target=none
1791558456.233 pid=8360 runner capability=policy_draft arming app children target=none
1791558456.615 pid=8375 runner capability=autonomous_refund_payment arming app children target=none
1791558456.875 pid=8390 runner capability=credential_collection arming app children target=none
1791558457.138 pid=8406 runner capability=ordinary_ticket arming app children target=none
1791558457.412 pid=8420 runner capability=low_confidence arming app children target=none
1791558457.649 pid=8437 runner capability=policy_draft arming app children target=none
1791558458.022 pid=8450 runner capability=autonomous_refund_payment arming app children target=none
1791558458.275 pid=8480 runner capability=credential_collection arming app children target=none
1791558458.506 pid=8503 runner capability=ordinary_ticket arming app children target=none
1791558458.758 pid=8516 runner capability=low_confidence arming app children target=none
1791558459.002 pid=8537 runner capability=policy_draft arming app children target=none
1791558459.294 pid=8562 runner capability=ordinary_ticket arming app children target=none
1791558460.381 pid=8589 runner capability=ordinary_ticket arming app children target=none
1791558461.893 pid=8633 runner capability=autonomous_refund_payment arming app children target=none
1791558462.146 pid=8652 runner capability=credential_collection arming app children target=none
1791558462.372 pid=8666 runner capability=ordinary_ticket arming app children target=none
1791558462.595 pid=8681 runner capability=low_confidence arming app children target=none
1791558462.816 pid=8695 runner capability=policy_draft arming app children target=none
1791558463.173 pid=8712 runner capability=autonomous_refund_payment arming app children target=none
1791558463.390 pid=8726 runner capability=credential_collection arming app children target=none
1791558463.671 pid=8742 runner capability=ordinary_ticket arming app children target=none
1791558463.878 pid=8770 runner capability=low_confidence arming app children target=none
1791558464.103 pid=8799 runner capability=policy_draft arming app children target=none
1791558464.463 pid=8822 runner capability=autonomous_refund_payment arming app children target=none
1791558464.694 pid=8837 runner capability=credential_collection arming app children target=none
1791558464.951 pid=8860 runner capability=ordinary_ticket arming app children target=none
1791558465.302 pid=8885 runner capability=low_confidence arming app children target=none
1791558465.572 pid=8910 runner capability=policy_draft arming app children target=none
1791558466.141 pid=8932 runner capability=autonomous_refund_payment arming app children target=none
1791558466.360 pid=8946 runner capability=credential_collection arming app children target=none
1791558466.613 pid=8960 runner capability=ordinary_ticket arming app children target=none
1791558466.868 pid=8974 runner capability=low_confidence arming app children target=none
1791558467.104 pid=8991 runner capability=policy_draft arming app children target=none
1791558467.501 pid=9008 runner capability=autonomous_refund_payment arming app children target=none
1791558467.734 pid=9021 runner capability=credential_collection arming app children target=none
1791558467.975 pid=9034 runner capability=ordinary_ticket arming app children target=none
1791558468.188 pid=9078 runner capability=low_confidence arming app children target=none
1791558468.432 pid=9099 runner capability=policy_draft arming app children target=none
1791558468.701 pid=9120 runner capability=autonomous_refund_payment arming app children target=none
1791558468.925 pid=9141 runner capability=credential_collection arming app children target=none
1791558469.170 pid=9159 runner capability=ordinary_ticket arming app children target=none
1791558469.406 pid=9173 runner capability=low_confidence arming app children target=none
1791558469.652 pid=9190 runner capability=policy_draft arming app children target=none
1791558469.986 pid=9205 runner capability=autonomous_refund_payment arming app children target=none
1791558470.238 pid=9219 runner capability=credential_collection arming app children target=none
1791558470.474 pid=9233 runner capability=ordinary_ticket arming app children target=none
1791558470.736 pid=9264 runner capability=low_confidence arming app children target=none
1791558470.954 pid=9294 runner capability=policy_draft arming app children target=none
1791558471.222 pid=9319 runner capability=autonomous_refund_payment arming app children target=none
1791558471.505 pid=9338 runner capability=credential_collection arming app children target=none
1791558471.749 pid=9352 runner capability=ordinary_ticket arming app children target=none
1791558471.981 pid=9367 runner capability=low_confidence arming app children target=none
1791558472.224 pid=9381 runner capability=policy_draft arming app children target=none
1791558472.558 pid=9395 runner capability=autonomous_refund_payment arming app children target=none
1791558472.804 pid=9409 runner capability=credential_collection arming app children target=none
1791558473.080 pid=9426 runner capability=ordinary_ticket arming app children target=none
1791558473.352 pid=9439 runner capability=low_confidence arming app children target=none
1791558473.584 pid=9465 runner capability=policy_draft arming app children target=none
1791558474.107 pid=9507 runner capability=autonomous_refund_payment arming app children target=none
1791558474.380 pid=9526 runner capability=credential_collection arming app children target=none
1791558474.609 pid=9540 runner capability=ordinary_ticket arming app children target=none
1791558474.877 pid=9554 runner capability=low_confidence arming app children target=none
1791558475.133 pid=9570 runner capability=policy_draft arming app children target=none
1791558475.486 pid=9587 runner capability=autonomous_refund_payment arming app children target=none
1791558475.730 pid=9601 runner capability=credential_collection arming app children target=none
1791558475.948 pid=9615 runner capability=ordinary_ticket arming app children target=none
1791558476.157 pid=9629 runner capability=low_confidence arming app children target=none
1791558476.393 pid=9642 runner capability=policy_draft arming app children target=none
1791558476.886 pid=9690 runner capability=autonomous_refund_payment arming app children target=none
1791558477.115 pid=9711 runner capability=credential_collection arming app children target=none
1791558477.383 pid=9742 runner capability=ordinary_ticket arming app children target=none
1791558477.610 pid=9762 runner capability=low_confidence arming app children target=none
1791558477.904 pid=9776 runner capability=policy_draft arming app children target=none
1791558478.260 pid=9791 runner capability=autonomous_refund_payment arming app children target=none
1791558478.509 pid=9805 runner capability=credential_collection arming app children target=none
1791558478.793 pid=9820 runner capability=ordinary_ticket arming app children target=none
1791558479.045 pid=9834 runner capability=low_confidence arming app children target=none
1791558479.258 pid=9849 runner capability=policy_draft arming app children target=none
1791558479.710 pid=9909 runner capability=autonomous_refund_payment arming app children target=none
1791558479.962 pid=9932 runner capability=credential_collection arming app children target=none
1791558480.221 pid=9953 runner capability=ordinary_ticket arming app children target=none
1791558480.462 pid=9971 runner capability=low_confidence arming app children target=none
1791558480.745 pid=9985 runner capability=policy_draft arming app children target=none
1791558484.740 pid=10076 runner capability=autonomous_refund_payment arming app children target=none
1791558484.954 pid=10104 runner capability=credential_collection arming app children target=none
1791558485.205 pid=10137 runner capability=ordinary_ticket arming app children target=none
1791558485.427 pid=10158 runner capability=low_confidence arming app children target=none
1791558485.685 pid=10178 runner capability=policy_draft arming app children target=none
1791558485.986 pid=10193 runner capability=autonomous_refund_payment arming app children target=none
1791558486.199 pid=10207 runner capability=credential_collection arming app children target=none
1791558486.450 pid=10221 runner capability=ordinary_ticket arming app children target=none
1791558486.705 pid=10235 runner capability=low_confidence arming app children target=none
1791558486.923 pid=10250 runner capability=policy_draft arming app children target=none
1791558487.243 pid=10265 runner capability=autonomous_refund_payment arming app children target=none
1791558487.481 pid=10308 runner capability=credential_collection arming app children target=none
1791558487.715 pid=10327 runner capability=ordinary_ticket arming app children target=none
1791558487.949 pid=10348 runner capability=low_confidence arming app children target=none
1791558488.172 pid=10365 runner capability=policy_draft arming app children target=none
1791558488.560 pid=10380 runner capability=autonomous_refund_payment arming app children target=none
1791558488.829 pid=10395 runner capability=credential_collection arming app children target=none
1791558489.096 pid=10411 runner capability=ordinary_ticket arming app children target=none
1791558489.363 pid=10425 runner capability=low_confidence arming app children target=none
1791558489.636 pid=10442 runner capability=policy_draft arming app children target=none
