Checking patch .github/workflows/current-authoring.yml...
Checking patch docs/HANDOFF.md...
Checking patch scripts/check_handoff.py...
Checking patch tests/test_handoff_setup.py...
apply --check rc=0
Checking patch .github/workflows/current-authoring.yml...
Checking patch docs/HANDOFF.md...
Checking patch scripts/check_handoff.py...
Checking patch tests/test_handoff_setup.py...
Applied patch .github/workflows/current-authoring.yml cleanly.
Applied patch docs/HANDOFF.md cleanly.
Applied patch scripts/check_handoff.py cleanly.
Applied patch tests/test_handoff_setup.py cleanly.
apply rc=0
 .github/workflows/current-authoring.yml |  2 +-
 docs/HANDOFF.md                         | 12 +++++++-----
 scripts/check_handoff.py                |  2 +-
 tests/test_handoff_setup.py             |  2 +-
 4 files changed, 10 insertions(+), 8 deletions(-)
 M .github/workflows/current-authoring.yml
 M docs/HANDOFF.md
 M scripts/check_handoff.py
 M tests/test_handoff_setup.py
